// Jest Snapshot v1, https://goo.gl/fbAQLP

exports[`Add Or Edit Form matches snapshot comparison 1`] = `
<DocumentFragment>
  <form
    action="#"
  >
    <div
      class="MuiContainer-root MuiContainer-maxWidthLg"
    >
      <div
        class="MuiGrid-root MuiGrid-container MuiGrid-align-items-xs-flex-start MuiGrid-justify-xs-center"
      >
        <div
          class="MuiGrid-root MuiGrid-item MuiGrid-grid-xs-12 MuiGrid-grid-sm-6"
          style="text-align: left;"
        >
          <div
            class="MuiGrid-root MuiGrid-item MuiGrid-grid-xs-12"
          >
            <label
              for="1"
            >
              <strong>
                Name
              </strong>
              <input
                id="1"
                name="name"
                style="margin: 0.625rem;"
                type="text"
                value=""
              />
            </label>
          </div>
          <div
            class="MuiGrid-root MuiGrid-container MuiGrid-spacing-xs-2 MuiGrid-align-items-xs-center"
          >
            <div
              class="MuiGrid-root MuiGrid-item"
            >
              <label
                for="name"
                style="font-weight: bold;"
              >
                Type
              </label>
            </div>
            <div
              class="MuiGrid-root MuiGrid-item"
            >
              <div
                class="MuiFormControl-root"
              >
                <div
                  class="MuiInputBase-root MuiInput-root MuiInput-underline MuiInputBase-formControl MuiInput-formControl"
                >
                  <div
                    aria-haspopup="listbox"
                    aria-labelledby="2"
                    class="MuiSelect-root MuiSelect-select MuiSelect-selectMenu MuiInputBase-input MuiInput-input"
                    id="2"
                    role="button"
                    tabindex="0"
                  >
                    <span>
                      ​
                    </span>
                  </div>
                  <input
                    aria-hidden="true"
                    class="MuiSelect-nativeInput"
                    name="type"
                    tabindex="-1"
                    value=""
                  />
                  <svg
                    aria-hidden="true"
                    class="MuiSvgIcon-root MuiSelect-icon"
                    focusable="false"
                    viewBox="0 0 24 24"
                  >
                    <path
                      d="M7 10l5 5 5-5z"
                    />
                  </svg>
                </div>
              </div>
            </div>
          </div>
        </div>
        <div
          class="MuiGrid-root MuiGrid-item MuiGrid-grid-xs-12 MuiGrid-grid-sm-6"
          style="text-align: left;"
        >
          <div
            class="MuiGrid-root MuiGrid-item MuiGrid-grid-xs-12"
          >
            <label
              for="bio"
            >
              <strong>
                Bio
              </strong>
              <div
                class="MuiFormControl-root MuiTextField-root"
                style="margin: 0.625rem; width: 100%;"
              >
                <div
                  class="MuiInputBase-root MuiOutlinedInput-root MuiInputBase-formControl MuiInputBase-multiline MuiOutlinedInput-multiline"
                >
                  <textarea
                    aria-invalid="false"
                    class="MuiInputBase-input MuiOutlinedInput-input MuiInputBase-inputMultiline MuiOutlinedInput-inputMultiline"
                    id="bio"
                    name="bio"
                    rows="10"
                  />
                  <fieldset
                    aria-hidden="true"
                    class="PrivateNotchedOutline-root-1 MuiOutlinedInput-notchedOutline"
                    style="padding-left: 8px;"
                  >
                    <legend
                      class="PrivateNotchedOutline-legend-2"
                      style="width: 0.01px;"
                    >
                      <span>
                        ​
                      </span>
                    </legend>
                  </fieldset>
                </div>
              </div>
            </label>
          </div>
        </div>
      </div>
      <div
        class="MuiGrid-root MuiGrid-container MuiGrid-item MuiGrid-justify-xs-center"
      >
        <button
          class="MuiButtonBase-root MuiButton-root MuiButton-contained MuiButton-containedPrimary MuiButton-containedSizeLarge MuiButton-sizeLarge"
          style="margin: 0.625rem;"
          tabindex="0"
          type="submit"
        >
          <span
            class="MuiButton-label"
          >
            Save
          </span>
          <span
            class="MuiTouchRipple-root"
          />
        </button>
        <button
          class="MuiButtonBase-root MuiButton-root MuiButton-contained MuiButton-containedPrimary MuiButton-containedSizeLarge MuiButton-sizeLarge"
          style="margin: 0.625rem;"
          tabindex="0"
          type="button"
        >
          <span
            class="MuiButton-label"
          >
            Cancel
          </span>
          <span
            class="MuiTouchRipple-root"
          />
        </button>
      </div>
    </div>
  </form>
</DocumentFragment>
`;
